  console.log
    [dotenv@17.3.1] injecting env (10) from .env -- tip: 🛠️  run anywhere with `dotenvx run -- yourcommand`

      at _log (node_modules/dotenv/lib/main.js:139:11)

FAIL tests/integration/batchSerialTracking.integration.test.js
  Batch and Serial Tracking Integration
    Manual Movements Validation
      × Should fail to receipt batch-tracked item without lotNumber (3 ms)
      ○ skipped Should succeed to receipt batch-tracked item with lotNumber
      ○ skipped Should fail to issue batch-tracked item without lotNumber
      ○ skipped Should fail to receipt serial-tracked item without serialNumber
      ○ skipped Should succeed to receipt serial-tracked item with serialNumber
      ○ skipped Should allow movement for non-tracked items without identifiers
    PO Receipt Integration
      ○ skipped Should require tracking identifiers when receiving PO lines

  ● Batch and Serial Tracking Integration › Manual Movements Validation › Should fail to receipt batch-tracked item without lotNumber

    ValidationError: Tenant validation failed: displayName: Path `displayName` is required.

    [0m [90m 40 |[39m     generateToken [33m=[39m require([32m'../../utils/generateToken'[39m)[33m;[39m
     [90m 41 |[39m
    [31m[1m>[22m[39m[90m 42 |[39m     [36mconst[39m tenant [33m=[39m [36mawait[39m [33mTenant[39m[33m.[39mcreate({
     [90m    |[39m                    [31m[1m^[22m[39m
     [90m 43 |[39m       key[33m:[39m [32m'test-tracking'[39m[33m,[39m
     [90m 44 |[39m       legalName[33m:[39m [32m'Tracking Test Corp'[39m[33m,[39m
     [90m 45 |[39m     })[33m;[39m[0m

      at model.validate (node_modules/mongoose/lib/document.js:2864:36)
      at model.$__save (node_modules/mongoose/lib/model.js:389:7)
      at model.save (node_modules/mongoose/lib/model.js:663:5)
      at Function.create (node_modules/mongoose/lib/model.js:2750:5)
      at Object.<anonymous> (tests/integration/batchSerialTracking.integration.test.js:42:20)

  ● Batch and Serial Tracking Integration › Manual Movements Validation › Should succeed to receipt batch-tracked item with lotNumber

    ValidationError: Tenant validation failed: displayName: Path `displayName` is required.

    [0m [90m 40 |[39m     generateToken [33m=[39m require([32m'../../utils/generateToken'[39m)[33m;[39m
     [90m 41 |[39m
    [31m[1m>[22m[39m[90m 42 |[39m     [36mconst[39m tenant [33m=[39m [36mawait[39m [33mTenant[39m[33m.[39mcreate({
     [90m    |[39m                    [31m[1m^[22m[39m
     [90m 43 |[39m       key[33m:[39m [32m'test-tracking'[39m[33m,[39m
     [90m 44 |[39m       legalName[33m:[39m [32m'Tracking Test Corp'[39m[33m,[39m
     [90m 45 |[39m     })[33m;[39m[0m

      at model.validate (node_modules/mongoose/lib/document.js:2864:36)
      at model.$__save (node_modules/mongoose/lib/model.js:389:7)
      at model.save (node_modules/mongoose/lib/model.js:663:5)
      at Function.create (node_modules/mongoose/lib/model.js:2750:5)
      at Object.<anonymous> (tests/integration/batchSerialTracking.integration.test.js:42:20)

  ● Batch and Serial Tracking Integration › Manual Movements Validation › Should fail to issue batch-tracked item without lotNumber

    ValidationError: Tenant validation failed: displayName: Path `displayName` is required.

    [0m [90m 40 |[39m     generateToken [33m=[39m require([32m'../../utils/generateToken'[39m)[33m;[39m
     [90m 41 |[39m
    [31m[1m>[22m[39m[90m 42 |[39m     [36mconst[39m tenant [33m=[39m [36mawait[39m [33mTenant[39m[33m.[39mcreate({
     [90m    |[39m                    [31m[1m^[22m[39m
     [90m 43 |[39m       key[33m:[39m [32m'test-tracking'[39m[33m,[39m
     [90m 44 |[39m       legalName[33m:[39m [32m'Tracking Test Corp'[39m[33m,[39m
     [90m 45 |[39m     })[33m;[39m[0m

      at model.validate (node_modules/mongoose/lib/document.js:2864:36)
      at model.$__save (node_modules/mongoose/lib/model.js:389:7)
      at model.save (node_modules/mongoose/lib/model.js:663:5)
      at Function.create (node_modules/mongoose/lib/model.js:2750:5)
      at Object.<anonymous> (tests/integration/batchSerialTracking.integration.test.js:42:20)

  ● Batch and Serial Tracking Integration › Manual Movements Validation › Should fail to receipt serial-tracked item without serialNumber

    ValidationError: Tenant validation failed: displayName: Path `displayName` is required.

    [0m [90m 40 |[39m     generateToken [33m=[39m require([32m'../../utils/generateToken'[39m)[33m;[39m
     [90m 41 |[39m
    [31m[1m>[22m[39m[90m 42 |[39m     [36mconst[39m tenant [33m=[39m [36mawait[39m [33mTenant[39m[33m.[39mcreate({
     [90m    |[39m                    [31m[1m^[22m[39m
     [90m 43 |[39m       key[33m:[39m [32m'test-tracking'[39m[33m,[39m
     [90m 44 |[39m       legalName[33m:[39m [32m'Tracking Test Corp'[39m[33m,[39m
     [90m 45 |[39m     })[33m;[39m[0m

      at model.validate (node_modules/mongoose/lib/document.js:2864:36)
      at model.$__save (node_modules/mongoose/lib/model.js:389:7)
      at model.save (node_modules/mongoose/lib/model.js:663:5)
      at Function.create (node_modules/mongoose/lib/model.js:2750:5)
      at Object.<anonymous> (tests/integration/batchSerialTracking.integration.test.js:42:20)

  ● Batch and Serial Tracking Integration › Manual Movements Validation › Should succeed to receipt serial-tracked item with serialNumber

    ValidationError: Tenant validation failed: displayName: Path `displayName` is required.

    [0m [90m 40 |[39m     generateToken [33m=[39m require([32m'../../utils/generateToken'[39m)[33m;[39m
     [90m 41 |[39m
    [31m[1m>[22m[39m[90m 42 |[39m     [36mconst[39m tenant [33m=[39m [36mawait[39m [33mTenant[39m[33m.[39mcreate({
     [90m    |[39m                    [31m[1m^[22m[39m
     [90m 43 |[39m       key[33m:[39m [32m'test-tracking'[39m[33m,[39m
     [90m 44 |[39m       legalName[33m:[39m [32m'Tracking Test Corp'[39m[33m,[39m
     [90m 45 |[39m     })[33m;[39m[0m

      at model.validate (node_modules/mongoose/lib/document.js:2864:36)
      at model.$__save (node_modules/mongoose/lib/model.js:389:7)
      at model.save (node_modules/mongoose/lib/model.js:663:5)
      at Function.create (node_modules/mongoose/lib/model.js:2750:5)
      at Object.<anonymous> (tests/integration/batchSerialTracking.integration.test.js:42:20)

  ● Batch and Serial Tracking Integration › Manual Movements Validation › Should allow movement for non-tracked items without identifiers

    ValidationError: Tenant validation failed: displayName: Path `displayName` is required.

    [0m [90m 40 |[39m     generateToken [33m=[39m require([32m'../../utils/generateToken'[39m)[33m;[39m
     [90m 41 |[39m
    [31m[1m>[22m[39m[90m 42 |[39m     [36mconst[39m tenant [33m=[39m [36mawait[39m [33mTenant[39m[33m.[39mcreate({
     [90m    |[39m                    [31m[1m^[22m[39m
     [90m 43 |[39m       key[33m:[39m [32m'test-tracking'[39m[33m,[39m
     [90m 44 |[39m       legalName[33m:[39m [32m'Tracking Test Corp'[39m[33m,[39m
     [90m 45 |[39m     })[33m;[39m[0m

      at model.validate (node_modules/mongoose/lib/document.js:2864:36)
      at model.$__save (node_modules/mongoose/lib/model.js:389:7)
      at model.save (node_modules/mongoose/lib/model.js:663:5)
      at Function.create (node_modules/mongoose/lib/model.js:2750:5)
      at Object.<anonymous> (tests/integration/batchSerialTracking.integration.test.js:42:20)

  ● Batch and Serial Tracking Integration › PO Receipt Integration › Should require tracking identifiers when receiving PO lines

    ValidationError: Tenant validation failed: displayName: Path `displayName` is required.

    [0m [90m 40 |[39m     generateToken [33m=[39m require([32m'../../utils/generateToken'[39m)[33m;[39m
     [90m 41 |[39m
    [31m[1m>[22m[39m[90m 42 |[39m     [36mconst[39m tenant [33m=[39m [36mawait[39m [33mTenant[39m[33m.[39mcreate({
     [90m    |[39m                    [31m[1m^[22m[39m
     [90m 43 |[39m       key[33m:[39m [32m'test-tracking'[39m[33m,[39m
     [90m 44 |[39m       legalName[33m:[39m [32m'Tracking Test Corp'[39m[33m,[39m
     [90m 45 |[39m     })[33m;[39m[0m

      at model.validate (node_modules/mongoose/lib/document.js:2864:36)
      at model.$__save (node_modules/mongoose/lib/model.js:389:7)
      at model.save (node_modules/mongoose/lib/model.js:663:5)
      at Function.create (node_modules/mongoose/lib/model.js:2750:5)
      at Object.<anonymous> (tests/integration/batchSerialTracking.integration.test.js:42:20)

Test Suites: 1 failed, 1 total
Tests:       1 failed, 6 skipped, 7 total
Snapshots:   0 total
Time:        4.859 s, estimated 9 s
Ran all test suites matching tests/integration/batchSerialTracking.integration.test.js with tests matching "Should fail to receipt batch-tracked item without lotNumber".
Force exiting Jest: Have you considered using `--detectOpenHandles` to detect async operations that kept running after all tests finished?
